[2026-10-01 01:24:06] [INFO] Downloading: https://www.ermao.net/sub/clash/ermao.net
[2026-10-01 01:24:07] [INFO] Main subscription fetched and parsed.
[2026-10-01 01:24:07] [INFO] Downloading rule-providers...
[2026-10-01 01:24:07] [INFO] Downloading: https://raw.githubusercontent.com/ACL4SSR/ACL4SSR/refs/heads/master/Clash/LocalAreaNetwork.list
[2026-10-01 01:24:07] [INFO] Downloaded rule-provider LocalAreaNetwork -> ./public/rules/LocalAreaNetwork.yaml
[2026-10-01 01:24:07] [INFO] Updated rule-provider LocalAreaNetwork URL to https://cdn.honglin.ac.cn/statically/gh/flinhong/configs/public/rules/LocalAreaNetwork.yaml
[2026-10-01 01:24:07] [INFO] Downloading: https://raw.githubusercontent.com/ACL4SSR/ACL4SSR/refs/heads/master/Clash/BanAD.list
[2026-10-01 01:24:07] [INFO] Downloaded rule-provider BanAD -> ./public/rules/BanAD.yaml
[2026-10-01 01:24:07] [INFO] Updated rule-provider BanAD URL to https://cdn.honglin.ac.cn/statically/gh/flinhong/configs/public/rules/BanAD.yaml
[2026-10-01 01:24:07] [INFO] Downloading: https://raw.githubusercontent.com/ACL4SSR/ACL4SSR/refs/heads/master/Clash/BanProgramAD.list
[2026-10-01 01:24:07] [INFO] Downloaded rule-provider BanProgramAD -> ./public/rules/BanProgramAD.yaml
[2026-10-01 01:24:07] [INFO] Updated rule-provider BanProgramAD URL to https://cdn.honglin.ac.cn/statically/gh/flinhong/configs/public/rules/BanProgramAD.yaml
[2026-10-01 01:24:07] [INFO] Downloading: https://raw.githubusercontent.com/ACL4SSR/ACL4SSR/refs/heads/master/Clash/BanEasyList.list
[2026-10-01 01:24:07] [INFO] Downloaded rule-provider BanEasyList -> ./public/rules/BanEasyList.yaml
[2026-10-01 01:24:07] [INFO] Updated rule-provider BanEasyList URL to https://cdn.honglin.ac.cn/statically/gh/flinhong/configs/public/rules/BanEasyList.yaml
[2026-10-01 01:24:07] [INFO] Downloading: https://raw.githubusercontent.com/ACL4SSR/ACL4SSR/refs/heads/master/Clash/BanEasyListChina.list
[2026-10-01 01:24:07] [INFO] Downloaded rule-provider BanEasyListChina -> ./public/rules/BanEasyListChina.yaml
[2026-10-01 01:24:07] [INFO] Updated rule-provider BanEasyListChina URL to https://cdn.honglin.ac.cn/statically/gh/flinhong/configs/public/rules/BanEasyListChina.yaml
[2026-10-01 01:24:07] [INFO] Downloading: https://raw.githubusercontent.com/ACL4SSR/ACL4SSR/refs/heads/master/Clash/BanEasyPrivacy.list
[2026-10-01 01:24:07] [INFO] Downloaded rule-provider BanEasyPrivacy -> ./public/rules/BanEasyPrivacy.yaml
[2026-10-01 01:24:07] [INFO] Updated rule-provider BanEasyPrivacy URL to https://cdn.honglin.ac.cn/statically/gh/flinhong/configs/public/rules/BanEasyPrivacy.yaml
[2026-10-01 01:24:07] [INFO] Downloading: https://raw.githubusercontent.com/ACL4SSR/ACL4SSR/refs/heads/master/Clash/GoogleCN.list
[2026-10-01 01:24:07] [INFO] Downloaded rule-provider GoogleCN -> ./public/rules/GoogleCN.yaml
[2026-10-01 01:24:07] [INFO] Updated rule-provider GoogleCN URL to https://cdn.honglin.ac.cn/statically/gh/flinhong/configs/public/rules/GoogleCN.yaml
[2026-10-01 01:24:07] [INFO] Downloading: https://raw.githubusercontent.com/ACL4SSR/ACL4SSR/refs/heads/master/Clash/Ruleset/SteamCN.list
[2026-10-01 01:24:07] [INFO] Downloaded rule-provider SteamCN -> ./public/rules/SteamCN.yaml
[2026-10-01 01:24:07] [INFO] Updated rule-provider SteamCN URL to https://cdn.honglin.ac.cn/statically/gh/flinhong/configs/public/rules/SteamCN.yaml
[2026-10-01 01:24:07] [INFO] Downloading: https://raw.githubusercontent.com/ACL4SSR/ACL4SSR/refs/heads/master/Clash/Microsoft.list
[2026-10-01 01:24:08] [INFO] Downloaded rule-provider Microsoft -> ./public/rules/Microsoft.yaml
[2026-10-01 01:24:08] [INFO] Updated rule-provider Microsoft URL to https://cdn.honglin.ac.cn/statically/gh/flinhong/configs/public/rules/Microsoft.yaml
[2026-10-01 01:24:08] [INFO] Downloading: https://raw.githubusercontent.com/ACL4SSR/ACL4SSR/refs/heads/master/Clash/Apple.list
[2026-10-01 01:24:08] [INFO] Downloaded rule-provider Apple -> ./public/rules/Apple.yaml
[2026-10-01 01:24:08] [INFO] Updated rule-provider Apple URL to https://cdn.honglin.ac.cn/statically/gh/flinhong/configs/public/rules/Apple.yaml
[2026-10-01 01:24:08] [INFO] Downloading: https://raw.githubusercontent.com/ACL4SSR/ACL4SSR/refs/heads/master/Clash/ProxyMedia.list
[2026-10-01 01:24:08] [INFO] Downloaded rule-provider ProxyMedia -> ./public/rules/ProxyMedia.yaml
[2026-10-01 01:24:08] [INFO] Updated rule-provider ProxyMedia URL to https://cdn.honglin.ac.cn/statically/gh/flinhong/configs/public/rules/ProxyMedia.yaml
[2026-10-01 01:24:08] [INFO] Downloading: https://raw.githubusercontent.com/ACL4SSR/ACL4SSR/refs/heads/master/Clash/Telegram.list
[2026-10-01 01:24:08] [INFO] Downloaded rule-provider Telegram -> ./public/rules/Telegram.yaml
[2026-10-01 01:24:08] [INFO] Updated rule-provider Telegram URL to https://cdn.honglin.ac.cn/statically/gh/flinhong/configs/public/rules/Telegram.yaml
[2026-10-01 01:24:08] [INFO] Downloading: https://raw.githubusercontent.com/ACL4SSR/ACL4SSR/refs/heads/master/Clash/ProxyLite.list
[2026-10-01 01:24:08] [INFO] Downloaded rule-provider ProxyLite -> ./public/rules/ProxyLite.yaml
[2026-10-01 01:24:08] [INFO] Updated rule-provider ProxyLite URL to https://cdn.honglin.ac.cn/statically/gh/flinhong/configs/public/rules/ProxyLite.yaml
[2026-10-01 01:24:08] [INFO] Downloading: https://raw.githubusercontent.com/ACL4SSR/ACL4SSR/refs/heads/master/Clash/ChinaDomain.list
[2026-10-01 01:24:08] [INFO] Downloaded rule-provider ChinaDomain -> ./public/rules/ChinaDomain.yaml
[2026-10-01 01:24:08] [INFO] Updated rule-provider ChinaDomain URL to https://cdn.honglin.ac.cn/statically/gh/flinhong/configs/public/rules/ChinaDomain.yaml
[2026-10-01 01:24:08] [INFO] Downloading: https://raw.githubusercontent.com/ACL4SSR/ACL4SSR/refs/heads/master/Clash/ChinaCompanyIp.list
[2026-10-01 01:24:08] [INFO] Downloaded rule-provider ChinaCompanyIp -> ./public/rules/ChinaCompanyIp.yaml
[2026-10-01 01:24:08] [INFO] Updated rule-provider ChinaCompanyIp URL to https://cdn.honglin.ac.cn/statically/gh/flinhong/configs/public/rules/ChinaCompanyIp.yaml
[2026-10-01 01:24:08] [INFO] Fetching extra proxies...
[2026-10-01 01:24:09] [INFO] All date-based sources have today's file available, using today
[2026-10-01 01:24:09] [INFO] Downloading: https://raw.githubusercontent.com/zhangkaiitugithub/passcro/main/speednodes.yaml
[2026-10-01 01:24:09] [INFO] Fetched 11 unique proxies for Load Balancer.
[2026-10-01 01:24:09] [INFO] Downloading: https://node.nodefree.me/2026/10/20261001.yaml
[2026-10-01 01:24:09] [INFO] Downloading: https://static.v2rayshare.net/2026/10/20261001.yaml
[2026-10-01 01:24:09] [INFO] Downloading: https://raw.githubusercontent.com/free18/v2ray/main/c.yaml
[2026-10-01 01:24:09] [WARNING] Filtered proxy 日期：09-30: reality-opts short-id '' missing or invalid
[2026-10-01 01:24:09] [WARNING] Filtered proxy 🇮🇩_印度尼西亚_9: reality-opts short-id '' missing or invalid
[2026-10-01 01:24:09] [WARNING] Filtered proxy 🇮🇩_印度尼西亚_10: reality-opts short-id '' missing or invalid
[2026-10-01 01:24:09] [WARNING] Filtered proxy 🇩🇪_DE_德国_2: reality-opts short-id '' missing or invalid
[2026-10-01 01:24:09] [WARNING] Filtered proxy 🇺🇸_US_美国: reality-opts short-id '' missing or invalid
[2026-10-01 01:24:09] [WARNING] Filtered proxy 🇩🇪_DE_德国_2: reality-opts short-id '' missing or invalid
[2026-10-01 01:24:09] [WARNING] Filtered proxy 🇺🇸_US_美国: reality-opts short-id '' missing or invalid
[2026-10-01 01:24:09] [INFO] Fetched 59 unique proxies for Auto Select.
[2026-10-01 01:24:09] [WARNING] Filtered proxy 🇵🇱PL_1|3.5MB/s: reality-opts short-id '' missing or invalid
[2026-10-01 01:24:09] [WARNING] Filtered proxy 🇺🇸US_2|2.7MB/s: reality-opts short-id '' missing or invalid
[2026-10-01 01:24:09] [WARNING] Filtered proxy 🇮🇳 印度 | IND: reality-opts short-id '' missing or invalid
[2026-10-01 01:24:09] [WARNING] Filtered proxy 🇷🇺 俄罗斯 | RUS 2: reality-opts short-id '' missing or invalid
[2026-10-01 01:24:09] [INFO] Filtered original proxies: 358 remaining
[2026-10-01 01:24:09] [INFO] Successfully wrote config to ./public/subscribe/clash.yml
